{i} count
{0} 8
{instance_id,chunk_no} response
{0,0} 'Hello	1
Hello	2
Hello	3
Hello	4
Thanks! That was a total of 800000 lines.
{i} count
{0} 2
Query was executed successfully
{i} count
{0} 1
{i} count
{0} 2
Query was executed successfully
{i} count
{0} 1
'1	2
2	4
3	6
4	8
5	10'
'6	12
7	14
8	16
9	18
10	20'
{i} count
{0} 8
{instance_id,chunk_no,value_no} a0,a1
{0,0,0} 2,8
{0,0,1} 4,16
{0,0,2} 6,24
{0,0,3} 8,32
{0,0,4} 10,40
