{i} count
{0} 8
{instance_id,chunk_no} status
{0,0} 'Hello	1
Hello	2
Hello	3
Hello	4
Thanks! That was a total of 800000 lines.
{i} count
{0} 2
Query was executed successfully
{i} count
{0} 1
{i} count
{0} 2
Query was executed successfully
{i} count
{0} 1
/usr/local/bin/R
'1	2
2	4
3	6
4	8
5	10'
'6	12
7	14
8	16
9	18
10	20'
{i} count
{0} 8
